// Jest Snapshot v1, https://goo.gl/fbAQLP

exports[`IdePageContent unit tests renders the expected structure with all provided 1`] = `
[
  <div
    className="ide-page-content-use-width storybook--ide-page-component-bleed"
    data-ui-id="IdePageContent-bleed-container"
  >
    <div
      className=" ide-page-content-use-width bx--grid ide--content-alignment"
      data-ui-id="IdePageContent-container"
    >
      <div
        className="bx--row"
      >
        <div
          className="bx--col"
        >
          Column 1
        </div>
        <div
          className="bx--col"
        >
          Column 2
        </div>
      </div>
    </div>
  </div>,
]
`;

exports[`IdePageContent unit tests renders the expected structure with no props provided 1`] = `
[
  <div
    className=" ide-page-content-use-width bx--grid ide--content-alignment"
    data-ui-id="IdePageContent-container"
  />,
]
`;
