// Jest Snapshot v1, https://goo.gl/fbAQLP

exports[`IdeHome unit tests IdeHome tollerates no props being provided, and renders with defaults 1`] = `
[
  <section
    className="ide-home undefined"
    data-ui-id="IdeHome"
  >
    <IdePageContent
      className=""
    >
      <div
        className=" ide-home-header bx--row"
        data-ui-id="IdeHome-Header"
      >
        <div
          className="
                ide-home-heading-container
                bx--col-sm-1
                bx--col-md-2
                bx--col-lg-6
                bx--col-xlg-6
                bx--col-max-6
              "
          data-ui-id="IdeHome-Header-Text"
        >
          <div>
            <p
              className="ide-home-product-heading"
            >
              Product text
            </p>
            <p
              className="ide-home-call-to-action"
            >
              Call to action
            </p>
          </div>
        </div>
        <div
          className="
                  ide-home-image-container
                  bx--col-sm-3
                  bx--col-md-6
                  bx--col-lg-10
                  bx--col-xlg-10
                  bx--col-max-10
                "
          data-ui-id="IdeHome-Header-Image"
        >
          <img
            className="ide--home-image "
          />
        </div>
      </div>
      <div
        className="bx--row bx--grid bx--grid--condensed ide-home-table"
        data-ui-id="IdeHome-Sets"
      />
    </IdePageContent>
  </section>,
]
`;
