// Jest Snapshot v1, https://goo.gl/fbAQLP

exports[`NavItem Rendering renders correctly 1`] = `ShallowWrapper {}`;

exports[`NavItem Rendering renders the HTML of the node's subtree 1`] = `
LoadedCheerio {
  "0": Node {
    "attribs": {
      "class": "security--nav__list__item class security--nav__list__item--active",
      "label": "",
      "role": "menuitem",
    },
    "children": [
      Node {
        "attribs": {
          "class": "security--nav__list__item__link",
          "href": "#",
          "id": "security--nav__list__item__2",
          "tabindex": "0",
        },
        "children": [
          Node {
            "data": "Label",
            "next": null,
            "parent": [Circular],
            "prev": null,
            "type": "text",
          },
        ],
        "name": "a",
        "namespace": "http://www.w3.org/1999/xhtml",
        "next": null,
        "parent": [Circular],
        "prev": null,
        "type": "tag",
        "x-attribsNamespace": {
          "class": undefined,
          "href": undefined,
          "id": undefined,
          "tabindex": undefined,
        },
        "x-attribsPrefix": {
          "class": undefined,
          "href": undefined,
          "id": undefined,
          "tabindex": undefined,
        },
      },
    ],
    "name": "li",
    "namespace": "http://www.w3.org/1999/xhtml",
    "next": null,
    "parent": Node {
      "children": [
        [Circular],
      ],
      "name": "root",
      "next": null,
      "parent": null,
      "prev": null,
      "type": "root",
    },
    "prev": null,
    "type": "tag",
    "x-attribsNamespace": {
      "class": undefined,
      "label": undefined,
      "role": undefined,
    },
    "x-attribsPrefix": {
      "class": undefined,
      "label": undefined,
      "role": undefined,
    },
  },
  "_root": LoadedCheerio {
    "0": Node {
      "children": [
        Node {
          "attribs": {},
          "children": [
            Node {
              "attribs": {},
              "children": [],
              "name": "head",
              "namespace": "http://www.w3.org/1999/xhtml",
              "next": Node {
                "attribs": {},
                "children": [],
                "name": "body",
                "namespace": "http://www.w3.org/1999/xhtml",
                "next": null,
                "parent": [Circular],
                "prev": [Circular],
                "type": "tag",
                "x-attribsNamespace": {},
                "x-attribsPrefix": {},
              },
              "parent": [Circular],
              "prev": null,
              "type": "tag",
              "x-attribsNamespace": {},
              "x-attribsPrefix": {},
            },
            Node {
              "attribs": {},
              "children": [],
              "name": "body",
              "namespace": "http://www.w3.org/1999/xhtml",
              "next": null,
              "parent": [Circular],
              "prev": Node {
                "attribs": {},
                "children": [],
                "name": "head",
                "namespace": "http://www.w3.org/1999/xhtml",
                "next": [Circular],
                "parent": [Circular],
                "prev": null,
                "type": "tag",
                "x-attribsNamespace": {},
                "x-attribsPrefix": {},
              },
              "type": "tag",
              "x-attribsNamespace": {},
              "x-attribsPrefix": {},
            },
          ],
          "name": "html",
          "namespace": "http://www.w3.org/1999/xhtml",
          "next": null,
          "parent": [Circular],
          "prev": null,
          "type": "tag",
          "x-attribsNamespace": {},
          "x-attribsPrefix": {},
        },
      ],
      "name": "root",
      "next": null,
      "parent": null,
      "prev": null,
      "type": "root",
      "x-mode": "quirks",
    },
    "_root": [Circular],
    "length": 1,
    "options": {
      "decodeEntities": true,
      "xml": false,
    },
  },
  "length": 1,
  "options": {
    "decodeEntities": true,
    "xml": false,
  },
}
`;
