// Jest Snapshot v1, https://goo.gl/fbAQLP

exports[`Nav Rendering renders correctly 1`] = `ReactWrapper {}`;

exports[`Nav Rendering renders the HTML of the node's subtree 1`] = `
LoadedCheerio {
  "0": Node {
    "attribs": {
      "class": "security--nav__list class security--nav__list__item--expanded",
      "role": "menuitem",
      "tabindex": "0",
    },
    "children": [
      Node {
        "attribs": {
          "class": "security--nav__list__item__link",
        },
        "children": [
          Node {
            "attribs": {
              "class": "security--nav__list__item__content",
            },
            "children": [],
            "name": "div",
            "namespace": "http://www.w3.org/1999/xhtml",
            "next": Node {
              "attribs": {
                "aria-hidden": "true",
                "class": "security--icon security--nav__list__icon",
                "fill": "currentColor",
                "focusable": "false",
                "height": "16",
                "preserveAspectRatio": "xMidYMid meet",
                "style": "will-change: transform;",
                "viewBox": "0 0 16 16",
                "width": "16",
                "xmlns": "http://www.w3.org/2000/svg",
              },
              "children": [
                Node {
                  "attribs": {
                    "d": "M8 11L3 6 3.7 5.3 8 9.6 12.3 5.3 13 6z",
                  },
                  "children": [],
                  "name": "path",
                  "namespace": "http://www.w3.org/2000/svg",
                  "next": null,
                  "parent": [Circular],
                  "prev": null,
                  "type": "tag",
                  "x-attribsNamespace": {
                    "d": undefined,
                  },
                  "x-attribsPrefix": {
                    "d": undefined,
                  },
                },
              ],
              "name": "svg",
              "namespace": "http://www.w3.org/2000/svg",
              "next": null,
              "parent": [Circular],
              "prev": [Circular],
              "type": "tag",
              "x-attribsNamespace": {
                "aria-hidden": undefined,
                "class": undefined,
                "fill": undefined,
                "focusable": undefined,
                "height": undefined,
                "preserveAspectRatio": undefined,
                "style": undefined,
                "viewBox": undefined,
                "width": undefined,
                "xmlns": "http://www.w3.org/2000/xmlns/",
              },
              "x-attribsPrefix": {
                "aria-hidden": undefined,
                "class": undefined,
                "fill": undefined,
                "focusable": undefined,
                "height": undefined,
                "preserveAspectRatio": undefined,
                "style": undefined,
                "viewBox": undefined,
                "width": undefined,
                "xmlns": "",
              },
            },
            "parent": [Circular],
            "prev": null,
            "type": "tag",
            "x-attribsNamespace": {
              "class": undefined,
            },
            "x-attribsPrefix": {
              "class": undefined,
            },
          },
          Node {
            "attribs": {
              "aria-hidden": "true",
              "class": "security--icon security--nav__list__icon",
              "fill": "currentColor",
              "focusable": "false",
              "height": "16",
              "preserveAspectRatio": "xMidYMid meet",
              "style": "will-change: transform;",
              "viewBox": "0 0 16 16",
              "width": "16",
              "xmlns": "http://www.w3.org/2000/svg",
            },
            "children": [
              Node {
                "attribs": {
                  "d": "M8 11L3 6 3.7 5.3 8 9.6 12.3 5.3 13 6z",
                },
                "children": [],
                "name": "path",
                "namespace": "http://www.w3.org/2000/svg",
                "next": null,
                "parent": [Circular],
                "prev": null,
                "type": "tag",
                "x-attribsNamespace": {
                  "d": undefined,
                },
                "x-attribsPrefix": {
                  "d": undefined,
                },
              },
            ],
            "name": "svg",
            "namespace": "http://www.w3.org/2000/svg",
            "next": null,
            "parent": [Circular],
            "prev": Node {
              "attribs": {
                "class": "security--nav__list__item__content",
              },
              "children": [],
              "name": "div",
              "namespace": "http://www.w3.org/1999/xhtml",
              "next": [Circular],
              "parent": [Circular],
              "prev": null,
              "type": "tag",
              "x-attribsNamespace": {
                "class": undefined,
              },
              "x-attribsPrefix": {
                "class": undefined,
              },
            },
            "type": "tag",
            "x-attribsNamespace": {
              "aria-hidden": undefined,
              "class": undefined,
              "fill": undefined,
              "focusable": undefined,
              "height": undefined,
              "preserveAspectRatio": undefined,
              "style": undefined,
              "viewBox": undefined,
              "width": undefined,
              "xmlns": "http://www.w3.org/2000/xmlns/",
            },
            "x-attribsPrefix": {
              "aria-hidden": undefined,
              "class": undefined,
              "fill": undefined,
              "focusable": undefined,
              "height": undefined,
              "preserveAspectRatio": undefined,
              "style": undefined,
              "viewBox": undefined,
              "width": undefined,
              "xmlns": "",
            },
          },
        ],
        "name": "div",
        "namespace": "http://www.w3.org/1999/xhtml",
        "next": Node {
          "attribs": {
            "aria-hidden": "false",
            "aria-label": "",
            "class": "security--nav__list security--nav__list--nested",
            "role": "menu",
          },
          "children": [
            Node {
              "attribs": {
                "class": "security--nav__list__item security--nav__list__item--active",
                "label": "",
                "role": "menuitem",
              },
              "children": [
                Node {
                  "attribs": {
                    "class": "security--nav__list__item__link",
                    "href": "#",
                    "id": "security--nav__list__item__2",
                    "tabindex": "0",
                  },
                  "children": [
                    Node {
                      "data": "Label",
                      "next": null,
                      "parent": [Circular],
                      "prev": null,
                      "type": "text",
                    },
                  ],
                  "name": "a",
                  "namespace": "http://www.w3.org/1999/xhtml",
                  "next": null,
                  "parent": [Circular],
                  "prev": null,
                  "type": "tag",
                  "x-attribsNamespace": {
                    "class": undefined,
                    "href": undefined,
                    "id": undefined,
                    "tabindex": undefined,
                  },
                  "x-attribsPrefix": {
                    "class": undefined,
                    "href": undefined,
                    "id": undefined,
                    "tabindex": undefined,
                  },
                },
              ],
              "name": "li",
              "namespace": "http://www.w3.org/1999/xhtml",
              "next": null,
              "parent": [Circular],
              "prev": null,
              "type": "tag",
              "x-attribsNamespace": {
                "class": undefined,
                "label": undefined,
                "role": undefined,
              },
              "x-attribsPrefix": {
                "class": undefined,
                "label": undefined,
                "role": undefined,
              },
            },
          ],
          "name": "ul",
          "namespace": "http://www.w3.org/1999/xhtml",
          "next": null,
          "parent": [Circular],
          "prev": [Circular],
          "type": "tag",
          "x-attribsNamespace": {
            "aria-hidden": undefined,
            "aria-label": undefined,
            "class": undefined,
            "role": undefined,
          },
          "x-attribsPrefix": {
            "aria-hidden": undefined,
            "aria-label": undefined,
            "class": undefined,
            "role": undefined,
          },
        },
        "parent": [Circular],
        "prev": null,
        "type": "tag",
        "x-attribsNamespace": {
          "class": undefined,
        },
        "x-attribsPrefix": {
          "class": undefined,
        },
      },
      Node {
        "attribs": {
          "aria-hidden": "false",
          "aria-label": "",
          "class": "security--nav__list security--nav__list--nested",
          "role": "menu",
        },
        "children": [
          Node {
            "attribs": {
              "class": "security--nav__list__item security--nav__list__item--active",
              "label": "",
              "role": "menuitem",
            },
            "children": [
              Node {
                "attribs": {
                  "class": "security--nav__list__item__link",
                  "href": "#",
                  "id": "security--nav__list__item__2",
                  "tabindex": "0",
                },
                "children": [
                  Node {
                    "data": "Label",
                    "next": null,
                    "parent": [Circular],
                    "prev": null,
                    "type": "text",
                  },
                ],
                "name": "a",
                "namespace": "http://www.w3.org/1999/xhtml",
                "next": null,
                "parent": [Circular],
                "prev": null,
                "type": "tag",
                "x-attribsNamespace": {
                  "class": undefined,
                  "href": undefined,
                  "id": undefined,
                  "tabindex": undefined,
                },
                "x-attribsPrefix": {
                  "class": undefined,
                  "href": undefined,
                  "id": undefined,
                  "tabindex": undefined,
                },
              },
            ],
            "name": "li",
            "namespace": "http://www.w3.org/1999/xhtml",
            "next": null,
            "parent": [Circular],
            "prev": null,
            "type": "tag",
            "x-attribsNamespace": {
              "class": undefined,
              "label": undefined,
              "role": undefined,
            },
            "x-attribsPrefix": {
              "class": undefined,
              "label": undefined,
              "role": undefined,
            },
          },
        ],
        "name": "ul",
        "namespace": "http://www.w3.org/1999/xhtml",
        "next": null,
        "parent": [Circular],
        "prev": Node {
          "attribs": {
            "class": "security--nav__list__item__link",
          },
          "children": [
            Node {
              "attribs": {
                "class": "security--nav__list__item__content",
              },
              "children": [],
              "name": "div",
              "namespace": "http://www.w3.org/1999/xhtml",
              "next": Node {
                "attribs": {
                  "aria-hidden": "true",
                  "class": "security--icon security--nav__list__icon",
                  "fill": "currentColor",
                  "focusable": "false",
                  "height": "16",
                  "preserveAspectRatio": "xMidYMid meet",
                  "style": "will-change: transform;",
                  "viewBox": "0 0 16 16",
                  "width": "16",
                  "xmlns": "http://www.w3.org/2000/svg",
                },
                "children": [
                  Node {
                    "attribs": {
                      "d": "M8 11L3 6 3.7 5.3 8 9.6 12.3 5.3 13 6z",
                    },
                    "children": [],
                    "name": "path",
                    "namespace": "http://www.w3.org/2000/svg",
                    "next": null,
                    "parent": [Circular],
                    "prev": null,
                    "type": "tag",
                    "x-attribsNamespace": {
                      "d": undefined,
                    },
                    "x-attribsPrefix": {
                      "d": undefined,
                    },
                  },
                ],
                "name": "svg",
                "namespace": "http://www.w3.org/2000/svg",
                "next": null,
                "parent": [Circular],
                "prev": [Circular],
                "type": "tag",
                "x-attribsNamespace": {
                  "aria-hidden": undefined,
                  "class": undefined,
                  "fill": undefined,
                  "focusable": undefined,
                  "height": undefined,
                  "preserveAspectRatio": undefined,
                  "style": undefined,
                  "viewBox": undefined,
                  "width": undefined,
                  "xmlns": "http://www.w3.org/2000/xmlns/",
                },
                "x-attribsPrefix": {
                  "aria-hidden": undefined,
                  "class": undefined,
                  "fill": undefined,
                  "focusable": undefined,
                  "height": undefined,
                  "preserveAspectRatio": undefined,
                  "style": undefined,
                  "viewBox": undefined,
                  "width": undefined,
                  "xmlns": "",
                },
              },
              "parent": [Circular],
              "prev": null,
              "type": "tag",
              "x-attribsNamespace": {
                "class": undefined,
              },
              "x-attribsPrefix": {
                "class": undefined,
              },
            },
            Node {
              "attribs": {
                "aria-hidden": "true",
                "class": "security--icon security--nav__list__icon",
                "fill": "currentColor",
                "focusable": "false",
                "height": "16",
                "preserveAspectRatio": "xMidYMid meet",
                "style": "will-change: transform;",
                "viewBox": "0 0 16 16",
                "width": "16",
                "xmlns": "http://www.w3.org/2000/svg",
              },
              "children": [
                Node {
                  "attribs": {
                    "d": "M8 11L3 6 3.7 5.3 8 9.6 12.3 5.3 13 6z",
                  },
                  "children": [],
                  "name": "path",
                  "namespace": "http://www.w3.org/2000/svg",
                  "next": null,
                  "parent": [Circular],
                  "prev": null,
                  "type": "tag",
                  "x-attribsNamespace": {
                    "d": undefined,
                  },
                  "x-attribsPrefix": {
                    "d": undefined,
                  },
                },
              ],
              "name": "svg",
              "namespace": "http://www.w3.org/2000/svg",
              "next": null,
              "parent": [Circular],
              "prev": Node {
                "attribs": {
                  "class": "security--nav__list__item__content",
                },
                "children": [],
                "name": "div",
                "namespace": "http://www.w3.org/1999/xhtml",
                "next": [Circular],
                "parent": [Circular],
                "prev": null,
                "type": "tag",
                "x-attribsNamespace": {
                  "class": undefined,
                },
                "x-attribsPrefix": {
                  "class": undefined,
                },
              },
              "type": "tag",
              "x-attribsNamespace": {
                "aria-hidden": undefined,
                "class": undefined,
                "fill": undefined,
                "focusable": undefined,
                "height": undefined,
                "preserveAspectRatio": undefined,
                "style": undefined,
                "viewBox": undefined,
                "width": undefined,
                "xmlns": "http://www.w3.org/2000/xmlns/",
              },
              "x-attribsPrefix": {
                "aria-hidden": undefined,
                "class": undefined,
                "fill": undefined,
                "focusable": undefined,
                "height": undefined,
                "preserveAspectRatio": undefined,
                "style": undefined,
                "viewBox": undefined,
                "width": undefined,
                "xmlns": "",
              },
            },
          ],
          "name": "div",
          "namespace": "http://www.w3.org/1999/xhtml",
          "next": [Circular],
          "parent": [Circular],
          "prev": null,
          "type": "tag",
          "x-attribsNamespace": {
            "class": undefined,
          },
          "x-attribsPrefix": {
            "class": undefined,
          },
        },
        "type": "tag",
        "x-attribsNamespace": {
          "aria-hidden": undefined,
          "aria-label": undefined,
          "class": undefined,
          "role": undefined,
        },
        "x-attribsPrefix": {
          "aria-hidden": undefined,
          "aria-label": undefined,
          "class": undefined,
          "role": undefined,
        },
      },
    ],
    "name": "li",
    "namespace": "http://www.w3.org/1999/xhtml",
    "next": null,
    "parent": Node {
      "children": [
        [Circular],
      ],
      "name": "root",
      "next": null,
      "parent": null,
      "prev": null,
      "type": "root",
    },
    "prev": null,
    "type": "tag",
    "x-attribsNamespace": {
      "class": undefined,
      "role": undefined,
      "tabindex": undefined,
    },
    "x-attribsPrefix": {
      "class": undefined,
      "role": undefined,
      "tabindex": undefined,
    },
  },
  "_root": LoadedCheerio {
    "0": Node {
      "children": [
        Node {
          "attribs": {},
          "children": [
            Node {
              "attribs": {},
              "children": [],
              "name": "head",
              "namespace": "http://www.w3.org/1999/xhtml",
              "next": Node {
                "attribs": {},
                "children": [],
                "name": "body",
                "namespace": "http://www.w3.org/1999/xhtml",
                "next": null,
                "parent": [Circular],
                "prev": [Circular],
                "type": "tag",
                "x-attribsNamespace": {},
                "x-attribsPrefix": {},
              },
              "parent": [Circular],
              "prev": null,
              "type": "tag",
              "x-attribsNamespace": {},
              "x-attribsPrefix": {},
            },
            Node {
              "attribs": {},
              "children": [],
              "name": "body",
              "namespace": "http://www.w3.org/1999/xhtml",
              "next": null,
              "parent": [Circular],
              "prev": Node {
                "attribs": {},
                "children": [],
                "name": "head",
                "namespace": "http://www.w3.org/1999/xhtml",
                "next": [Circular],
                "parent": [Circular],
                "prev": null,
                "type": "tag",
                "x-attribsNamespace": {},
                "x-attribsPrefix": {},
              },
              "type": "tag",
              "x-attribsNamespace": {},
              "x-attribsPrefix": {},
            },
          ],
          "name": "html",
          "namespace": "http://www.w3.org/1999/xhtml",
          "next": null,
          "parent": [Circular],
          "prev": null,
          "type": "tag",
          "x-attribsNamespace": {},
          "x-attribsPrefix": {},
        },
      ],
      "name": "root",
      "next": null,
      "parent": null,
      "prev": null,
      "type": "root",
      "x-mode": "quirks",
    },
    "_root": [Circular],
    "length": 1,
    "options": {
      "decodeEntities": true,
      "xml": false,
    },
  },
  "length": 1,
  "options": {
    "decodeEntities": true,
    "xml": false,
  },
}
`;
